  Determining projects to restore...
C:\projects\software\atlas-delivery\squarebuddy\SquareBuddy.AppHost\SquareBuddy.AppHost.csproj : warning : Unable to load the service index for source https://api.nuget.org/v3/index.json.
C:\projects\software\atlas-delivery\squarebuddy\SquareBuddy.AppHost\SquareBuddy.AppHost.csproj : warning : Unable to load the service index for source https://api.nuget.org/v3/index.json.
